// Jest Snapshot v1, https://goo.gl/fbAQLP

exports[`Login functionality login should render correctly 1`] = `ReactWrapper {}`;
