// Jest Snapshot v1, https://goo.gl/fbAQLP

exports[`Register functionality Register should render correctly 1`] = `ReactWrapper {}`;
