// Jest Snapshot v1, https://goo.gl/fbAQLP

exports[`Add product functionality CreateProduct should render correctly 1`] = `ReactWrapper {}`;
